a observe 0
c observe 0
healthy observe 0
b observe 0
a state 0
b state 0
c state 0
healthy state 0
a observe 0
c observe 0
healthy observe 0
b observe 0
a state 0
b state 0
c state 0
healthy state 0
a observe 1
c observe 0
healthy observe 0
b observe 1
a state 0
b state 0
c state 0
healthy state 0
a observe 0
c observe 0
healthy observe 0
b observe 0
a state 0
b state 0
c state 0
[2026-09-29T20:16:54-0500] secondmate a liveness: remote probe timed out; endpoint unreachable/ambiguous; route preserved on lab-host
[2026-09-29T20:16:57-0500] secondmate b liveness: remote probe timed out; endpoint unreachable/ambiguous; route preserved on lab-host
[2026-09-29T20:16:59-0500] secondmate c liveness: remote probe timed out; endpoint unreachable/ambiguous; route preserved on lab-host
[2026-09-29T20:17:35-0500] secondmate a liveness: remote probe timed out; endpoint unreachable/ambiguous; route preserved on lab-host
[2026-09-29T20:17:37-0500] secondmate b liveness: remote probe timed out; endpoint unreachable/ambiguous; route preserved on lab-host
[2026-09-29T20:17:40-0500] secondmate c liveness: remote probe timed out; endpoint unreachable/ambiguous; route preserved on lab-host
max_beacon_age=0 timeout_episodes=6 recovery_reset=yes relaunches=none
ok - watcher: hanging remote probes stay ambiguous, bounded, episode-deduplicated, and beacon-safe
